Opening shared memory
Shared memory doesn't exist, checking legacy lock file
Checking for a '/tmp/UnrealTraceServer.pid' lock file
Forking process
Wait until we know the daemon has started.
Parent received signal 30
Daemon signalled successful start
Forked complete (ret=0)
Setting up bundled DotNet SDK
/Users/Shared/Epic Games/UE_5.8/Engine/Binaries/ThirdParty/DotNet/10.0/mac-arm64
Running dotnet Engine/Binaries/DotNET/UnrealBuildTool/UnrealBuildTool.dll -Mode=ValidatePlatforms -OutputSDKs -AllPlatforms -project=/Users/rare/dev/ash-well-ue/AshWell.uproject -log=/Users/rare/Library/Logs/AshWell/AutoSDKInfo.txt -verbose -timestamps
Log file: /Users/rare/Library/Logs/AshWell/AutoSDKInfo.txt
##PlatformValidate: Win64 INVALID <UNKNOWN>
##PlatformValidate: Mac VALID 26.1.1
##PlatformValidate: IOS VALID 26.1.1
##PlatformValidate: Android INVALID r27c
##PlatformValidate: Linux INVALID <UNKNOWN>
##PlatformValidate: LinuxArm64 INVALID <UNKNOWN>
##PlatformValidate: TVOS VALID 26.1.1
##PlatformValidate: VisionOS VALID 26.1.1
Unable to find required SDK version 'MainVersion' for platform Win64. Check your SDK.json files
Unable to find required SDK version 'MainVersion' for platform Linux. Check your SDK.json files
Unable to find required SDK version 'MainVersion' for platform LinuxArm64. Check your SDK.json files
Trace written to file /Users/rare/Library/Application Support/Epic/UnrealBuildTool/Trace.uba with size 319b
2026-09-11 01:28:27.717 UnrealEditor[81337:836099] [UE4] Shutdown handler: initialize.
*** Recognized (0x6f) family*** (30 cols X 22 rows)
2026-09-11 01:28:39.558 UnrealEditor[81337:836039] [UE4] Shutdown handler: cleanup.
Opening shared memory
Shared memory doesn't exist, checking legacy lock file
Checking for a '/tmp/UnrealTraceServer.pid' lock file
Forking process
Opening shared memory
Starting the store
Reading settings from '/Users/rare/UnrealEngine/UnrealTrace/Settings.ini'

Unable to open settings file /Users/rare/UnrealEngine/UnrealTrace/Settings.ini.

Store settings (/Users/rare/UnrealEngine/UnrealTrace/Settings.ini):
 - Store port: 1989
 - Recorder port: 1981
 - Thread count: 0
 - Sponsored mode: 1
 - Directory: '/Users/rare/UnrealEngine/UnrealTrace/Store/001'
Watcher enabled on /Users/rare/UnrealEngine/UnrealTrace/Store/001
Signalling parent 81349
Terminating server, no sponsors or connections active.
Received signal 15
Daemon is exiting without errors.
Listening cancelled, closing port...
Listening cancelled, closing port...
