Opening shared memory
Existing instance is the same age or newer
Setting up bundled DotNet SDK
/Users/Shared/Epic Games/UE_5.8/Engine/Binaries/ThirdParty/DotNet/10.0/mac-arm64
Running dotnet Engine/Binaries/DotNET/UnrealBuildTool/UnrealBuildTool.dll -Mode=ValidatePlatforms -OutputSDKs -AllPlatforms -project=/Users/rare/dev/ash-well-ue/AshWell.uproject -log=/Users/rare/Library/Logs/AshWell/AutoSDKInfo.txt -verbose -timestamps
Log file: /Users/rare/Library/Logs/AshWell/AutoSDKInfo.txt
##PlatformValidate: Win64 INVALID <UNKNOWN>
##PlatformValidate: Mac VALID 26.1.1
##PlatformValidate: IOS VALID 26.1.1
##PlatformValidate: Android INVALID r27c
##PlatformValidate: Linux INVALID <UNKNOWN>
##PlatformValidate: LinuxArm64 INVALID <UNKNOWN>
##PlatformValidate: TVOS VALID 26.1.1
##PlatformValidate: VisionOS VALID 26.1.1
Unable to find required SDK version 'MainVersion' for platform Win64. Check your SDK.json files
Unable to find required SDK version 'MainVersion' for platform Linux. Check your SDK.json files
Unable to find required SDK version 'MainVersion' for platform LinuxArm64. Check your SDK.json files
Trace written to file /Users/rare/Library/Application Support/Epic/UnrealBuildTool/Trace.uba with size 319b
2026-09-11 01:01:30.222 UnrealEditor[67192:780859] [UE4] Shutdown handler: initialize.
*** Recognized (0x6f) family*** (30 cols X 22 rows)
2026-09-11 01:01:42.335 UnrealEditor[67192:780790] [UE4] Shutdown handler: cleanup.
