NATIVE_WINDOW_FRAME (68.0, 78.0, 1920.0, 1112.0) display_frames=["(0.0, 0.0, 2056.0, 1329.0) size=2056x1329"]
NATIVE_RECORDING_WINDOW pid=66888 pixels=1920x1112 microphone=false
NATIVE_SAMPLE type=0 valid=true ready=true attachments=Optional(<__NSSingleObjectArrayI 0x79671d9400>(
{
    SCStreamMetricCaptureLatencyTime = "180955.9759707917";
    SCStreamUpdateFrameBoundingRect =     {
        Height = 556;
        Width = 960;
        X = 0;
        Y = 0;
    };
    SCStreamUpdateFrameContentRect =     {
        Height = 556;
        Width = 960;
        X = 0;
        Y = 0;
    };
    SCStreamUpdateFrameContentScale = "0.5";
    SCStreamUpdateFrameDirtyRect =     (
                {
            Height = 0;
            Width = 0;
            X = 0;
            Y = 0;
        }
    );
    SCStreamUpdateFrameDisplayResolution = 2;
    SCStreamUpdateFrameDisplayTime = 4342943468191;
    SCStreamUpdateFramePresenterOverlayContentRect =     {
        Height = 0;
        Width = 0;
        X = inf;
        Y = inf;
    };
    SCStreamUpdateFrameScreenRect =     {
        Height = 1112;
        Width = 1920;
        X = 68;
        Y = 78;
    };
    SCStreamUpdateFrameStatus = 0;
    SCStreamUpdateStreamID = "6273D323-2E01-487A-8A51-5F4B12FEF63A";
}
)
)
NATIVE_RECORDING_STARTED 2026-09-12T14:13:55.443Z
NATIVE_SAMPLE type=0 valid=true ready=true attachments=Optional(<__NSSingleObjectArrayI 0x79671d9570>(
{
    SCStreamMetricCaptureLatencyTime = "180955.993784375";
    SCStreamUpdateFrameBoundingRect =     {
        Height = 556;
        Width = 960;
        X = 0;
        Y = 0;
    };
    SCStreamUpdateFrameContentRect =     {
        Height = 556;
        Width = 960;
        X = 0;
        Y = 0;
    };
    SCStreamUpdateFrameContentScale = "0.5";
    SCStreamUpdateFrameDirtyRect =     (
                {
            Height = 25;
            Width = 25;
            X = 0;
            Y = 0;
        },
                {
            Height = 25;
            Width = 25;
            X = 1895;
            Y = 0;
        },
                {
            Height = 25;
            Width = 25;
            X = 0;
            Y = 1087;
        },
                {
            Height = 25;
            Width = 25;
            X = 1895;
            Y = 1087;
        }
    );
    SCStreamUpdateFrameDisplayResolution = 2;
    SCStreamUpdateFrameDisplayTime = 4342943668190;
    SCStreamUpdateFramePresenterOverlayContentRect =     {
        Height = 0;
        Width = 0;
        X = inf;
        Y = inf;
    };
    SCStreamUpdateFrameScreenRect =     {
        Height = 1112;
        Width = 1920;
        X = 68;
        Y = 78;
    };
    SCStreamUpdateFrameStatus = 0;
    SCStreamUpdateStreamID = "6273D323-2E01-487A-8A51-5F4B12FEF63A";
}
)
)
NATIVE_SAMPLE type=1 valid=true ready=true attachments=nil
NATIVE_SAMPLE type=0 valid=true ready=true attachments=Optional(<__NSSingleObjectArrayI 0x79671d9610>(
{
    SCStreamMetricCaptureLatencyTime = "180956.0100295";
    SCStreamUpdateFrameBoundingRect =     {
        Height = 556;
        Width = 960;
        X = 0;
        Y = 0;
    };
    SCStreamUpdateFrameContentRect =     {
        Height = 556;
        Width = 960;
        X = 0;
        Y = 0;
    };
    SCStreamUpdateFrameContentScale = "0.5";
    SCStreamUpdateFrameDirtyRect =     (
                {
            Height = 5;
            Width = 25;
            X = 0;
            Y = 0;
        },
                {
            Height = 5;
            Width = 25;
            X = 1895;
            Y = 0;
        },
                {
            Height = 20;
            Width = 27;
            X = 0;
            Y = 5;
        },
                {
            Height = 20;
            Width = 22;
            X = 28;
            Y = 5;
        },
                {
            Height = 20;
            Width = 22;
            X = 51;
            Y = 5;
        },
                {
            Height = 20;
            Width = 25;
            X = 1895;
            Y = 5;
        },
                {
            Height = 2;
            Width = 22;
            X = 5;
            Y = 25;
        },
                {
            Height = 2;
            Width = 22;
            X = 28;
            Y = 25;
        },
                {
            Height = 2;
            Width = 22;
            X = 51;
            Y = 25;
        },
                {
            Height = 25;
            Width = 25;
            X = 0;
            Y = 1087;
        },
                {
            Height = 25;
            Width = 25;
            X = 1895;
            Y = 1087;
        }
    );
    SCStreamUpdateFrameDisplayResolution = 2;
    SCStreamUpdateFrameDisplayTime = 4342944268188;
    SCStreamUpdateFramePresenterOverlayContentRect =     {
        Height = 0;
        Width = 0;
        X = inf;
        Y = inf;
    };
    SCStreamUpdateFrameScreenRect =     {
        Height = 1112;
        Width = 1920;
        X = 68;
        Y = 78;
    };
    SCStreamUpdateFrameStatus = 0;
    SCStreamUpdateStreamID = "6273D323-2E01-487A-8A51-5F4B12FEF63A";
}
)
)
NATIVE_SAMPLE type=1 valid=true ready=true attachments=nil
NATIVE_SAMPLE type=0 valid=true ready=true attachments=Optional(<__NSSingleObjectArrayI 0x79671d9570>(
{
    SCStreamMetricCaptureLatencyTime = "180956.0269674583";
    SCStreamUpdateFrameBoundingRect =     {
        Height = 556;
        Width = 960;
        X = 0;
        Y = 0;
    };
    SCStreamUpdateFrameContentRect =     {
        Height = 556;
        Width = 960;
        X = 0;
        Y = 0;
    };
    SCStreamUpdateFrameContentScale = "0.5";
    SCStreamUpdateFrameDirtyRect =     (
                {
            Height = 5;
            Width = 25;
            X = 0;
            Y = 0;
        },
                {
            Height = 5;
            Width = 25;
            X = 1895;
            Y = 0;
        },
                {
            Height = 20;
            Width = 27;
            X = 0;
            Y = 5;
        },
                {
            Height = 20;
            Width = 22;
            X = 28;
            Y = 5;
        },
                {
            Height = 20;
            Width = 22;
            X = 51;
            Y = 5;
        },
                {
            Height = 20;
            Width = 25;
            X = 1895;
            Y = 5;
        },
                {
            Height = 2;
            Width = 22;
            X = 5;
            Y = 25;
        },
                {
            Height = 2;
            Width = 22;
            X = 28;
            Y = 25;
        },
                {
            Height = 2;
            Width = 22;
            X = 51;
            Y = 25;
        },
                {
            Height = 900;
            Width = 1177;
            X = 340;
            Y = 133;
        },
                {
            Height = 25;
            Width = 25;
            X = 0;
            Y = 1087;
        },
                {
            Height = 25;
            Width = 25;
            X = 1895;
            Y = 1087;
        }
    );
    SCStreamUpdateFrameDisplayResolution = 2;
    SCStreamUpdateFrameDisplayTime = 4342944668186;
    SCStreamUpdateFramePresenterOverlayContentRect =     {
        Height = 0;
        Width = 0;
        X = inf;
        Y = inf;
    };
    SCStreamUpdateFrameScreenRect =     {
        Height = 1112;
        Width = 1920;
        X = 68;
        Y = 78;
    };
    SCStreamUpdateFrameStatus = 0;
    SCStreamUpdateStreamID = "6273D323-2E01-487A-8A51-5F4B12FEF63A";
}
)
)
NATIVE_SAMPLE type=0 valid=true ready=true attachments=Optional(<__NSSingleObjectArrayI 0x79671d9580>(
{
    SCStreamMetricCaptureLatencyTime = "180956.0443924583";
    SCStreamUpdateFrameBoundingRect =     {
        Height = 556;
        Width = 960;
        X = 0;
        Y = 0;
    };
    SCStreamUpdateFrameContentRect =     {
        Height = 556;
        Width = 960;
        X = 0;
        Y = 0;
    };
    SCStreamUpdateFrameContentScale = "0.5";
    SCStreamUpdateFrameDirtyRect =     (
                {
            Height = 5;
            Width = 25;
            X = 0;
            Y = 0;
        },
                {
            Height = 5;
            Width = 25;
            X = 1895;
            Y = 0;
        },
                {
            Height = 20;
            Width = 27;
            X = 0;
            Y = 5;
        },
                {
            Height = 20;
            Width = 22;
            X = 28;
            Y = 5;
        },
                {
            Height = 20;
            Width = 22;
            X = 51;
            Y = 5;
        },
                {
            Height = 20;
            Width = 25;
            X = 1895;
            Y = 5;
        },
                {
            Height = 2;
            Width = 22;
            X = 5;
            Y = 25;
        },
                {
            Height = 2;
            Width = 22;
            X = 28;
            Y = 25;
        },
                {
            Height = 2;
            Width = 22;
            X = 51;
            Y = 25;
        },
                {
            Height = 25;
            Width = 25;
            X = 0;
            Y = 1087;
        },
                {
            Height = 25;
            Width = 25;
            X = 1895;
            Y = 1087;
        }
    );
    SCStreamUpdateFrameDisplayResolution = 2;
    SCStreamUpdateFrameDisplayTime = 4342945068184;
    SCStreamUpdateFramePresenterOverlayContentRect =     {
        Height = 0;
        Width = 0;
        X = inf;
        Y = inf;
    };
    SCStreamUpdateFrameScreenRect =     {
        Height = 1112;
        Width = 1920;
        X = 68;
        Y = 78;
    };
    SCStreamUpdateFrameStatus = 0;
    SCStreamUpdateStreamID = "6273D323-2E01-487A-8A51-5F4B12FEF63A";
}
)
)
NATIVE_SAMPLE type=1 valid=true ready=true attachments=nil
NATIVE_RECORDING_FINISHED frames=457 audio=403
