Opening shared memory
Shared memory doesn't exist, checking legacy lock file
Checking for a '/tmp/UnrealTraceServer.pid' lock file
Forking process
Wait until we know the daemon has started.
Parent received signal 30
Daemon signalled successful start
Forked complete (ret=0)
Setting up bundled DotNet SDK
/Users/Shared/Epic Games/UE_5.8/Engine/Binaries/ThirdParty/DotNet/10.0/mac-arm64
Running dotnet Engine/Binaries/DotNET/UnrealBuildTool/UnrealBuildTool.dll -Mode=ValidatePlatforms -OutputSDKs -AllPlatforms -project=/Users/rare/dev/ash-well-ue/AshWell.uproject -log=/Users/rare/Library/Logs/Unreal Engine/AshWellEditor/AutoSDKInfo.txt -verbose -timestamps
Log file: /Users/rare/Library/Logs/Unreal Engine/AshWellEditor/AutoSDKInfo.txt
##PlatformValidate: Win64 INVALID <UNKNOWN>
##PlatformValidate: Mac VALID 26.1.1
##PlatformValidate: IOS VALID 26.1.1
##PlatformValidate: Android INVALID r27c
##PlatformValidate: Linux INVALID <UNKNOWN>
##PlatformValidate: LinuxArm64 INVALID <UNKNOWN>
##PlatformValidate: TVOS VALID 26.1.1
##PlatformValidate: VisionOS VALID 26.1.1
Unable to find required SDK version 'MainVersion' for platform Win64. Check your SDK.json files
Unable to find required SDK version 'MainVersion' for platform Linux. Check your SDK.json files
Unable to find required SDK version 'MainVersion' for platform LinuxArm64. Check your SDK.json files
Trace written to file /Users/rare/Library/Application Support/Epic/UnrealBuildTool/Trace.uba with size 319b
2026-09-12 21:11:06.925 UnrealEditor[31590:5883659] [UE4] Shutdown handler: initialize.
LogStreaming: Display: AsyncLoading2 - Created: Async Loading Thread: true, Async Post Load: true, Multithreaded: false
LogAnalytics: Display: [CrashReporter.Release] AnalyticsET::StartSession ( APIServer = https://datarouter.ol.epicgames.com/datarouter/api/v1/public/data. AppVersion = ++UE5+Release-5.8-CL-56702186 )
CrashReportCoreLog: Display: Applying project settings from '/Users/rare/Library/Application Support/Epic/UnrealEngine/5.8/Saved/Crashes/CrashReport-UE-AshWell-pid-31590-850F1EDBA84FEDD56EB70CAE2E688420/CrashReportClient.ini'.
LogAnalytics: Display: [CrashReporter.Release] AnalyticsET::EndSession
