/Users/rare/dev/ash-well/unreal/AshWell/SourceAssets/Geometry/build_environment.py:21: DeprecationWarning: 'Material.use_nodes' is expected to be removed in Blender 6.0
  m=bpy.data.materials.new(name); m.diffuse_color=col; m.use_nodes=True

FBX export starting... '/Users/rare/dev/ash-well/unreal/AshWell/SourceAssets/Geometry/SM_MineRock_Left.fbx'
export finished in 0.0164 sec.
EXPORTED {"name": "SM_MineRock_Left", "file": "SM_MineRock_Left.fbx", "vertices": 3528, "triangles": 6880, "bounds_m": {"min": [-8.2294, -5.3108, -1.874], "max": [6.4987, -1.5851, 8.4484]}, "origin_m": [0, 0, 0], "material_slots": ["Rock", "Rust", "Concrete", "DarkSteel", "Amber", "Cloth"]}

FBX export starting... '/Users/rare/dev/ash-well/unreal/AshWell/SourceAssets/Geometry/SM_MineRock_Right.fbx'
export finished in 0.0131 sec.
EXPORTED {"name": "SM_MineRock_Right", "file": "SM_MineRock_Right.fbx", "vertices": 3528, "triangles": 6880, "bounds_m": {"min": [-8.1472, 1.7534, -1.874], "max": [6.5533, 5.2687, 8.4484]}, "origin_m": [0, 0, 0], "material_slots": ["Rock", "Rust", "Concrete", "DarkSteel", "Amber", "Cloth"]}

FBX export starting... '/Users/rare/dev/ash-well/unreal/AshWell/SourceAssets/Geometry/SM_MineRoof.fbx'
export finished in 0.0100 sec.
EXPORTED {"name": "SM_MineRoof", "file": "SM_MineRoof.fbx", "vertices": 1944, "triangles": 3840, "bounds_m": {"min": [-8.3026, -4.0235, 5.0032], "max": [5.7068, 4.1382, 7.2988]}, "origin_m": [0, 0, 0], "material_slots": ["Rock", "Rust", "Concrete", "DarkSteel", "Amber", "Cloth"]}

FBX export starting... '/Users/rare/dev/ash-well/unreal/AshWell/SourceAssets/Geometry/SM_MineSteelFrames.fbx'
export finished in 0.0230 sec.
EXPORTED {"name": "SM_MineSteelFrames", "file": "SM_MineSteelFrames.fbx", "vertices": 12624, "triangles": 24552, "bounds_m": {"min": [-4.79, -3.045, 0.0], "max": [3.29, 3.045, 5.5493]}, "origin_m": [0, 0, 0], "material_slots": ["Rock", "Rust", "Concrete", "DarkSteel", "Amber", "Cloth"]}

FBX export starting... '/Users/rare/dev/ash-well/unreal/AshWell/SourceAssets/Geometry/SM_WalkwayDeck.fbx'
export finished in 0.0265 sec.
EXPORTED {"name": "SM_WalkwayDeck", "file": "SM_WalkwayDeck.fbx", "vertices": 13766, "triangles": 26650, "bounds_m": {"min": [-5.9875, -1.49, -0.185], "max": [24.0576, 9.4861, 0.0435]}, "origin_m": [0, 0, 0], "material_slots": ["Rock", "Rust", "Concrete", "DarkSteel", "Amber", "Cloth"]}

FBX export starting... '/Users/rare/dev/ash-well/unreal/AshWell/SourceAssets/Geometry/SM_WalkwayEdgeBeams.fbx'
export finished in 0.0203 sec.
EXPORTED {"name": "SM_WalkwayEdgeBeams", "file": "SM_WalkwayEdgeBeams.fbx", "vertices": 10752, "triangles": 20736, "bounds_m": {"min": [-6.0175, -1.6706, -0.46], "max": [24.1236, 9.6706, 0.01]}, "origin_m": [0, 0, 0], "material_slots": ["Rock", "Rust", "Concrete", "DarkSteel", "Amber", "Cloth"]}

FBX export starting... '/Users/rare/dev/ash-well/unreal/AshWell/SourceAssets/Geometry/SM_WalkwayRails.fbx'
export finished in 0.0861 sec.
EXPORTED {"name": "SM_WalkwayRails", "file": "SM_WalkwayRails.fbx", "vertices": 47021, "triangles": 92554, "bounds_m": {"min": [-6.238, -1.56, -0.2861], "max": [24.0929, 9.56, 1.0899]}, "origin_m": [0, 0, 0], "material_slots": ["Rock", "Rust", "Concrete", "DarkSteel", "Amber", "Cloth"]}

FBX export starting... '/Users/rare/dev/ash-well/unreal/AshWell/SourceAssets/Geometry/SM_WalkwayUnderTruss.fbx'
export finished in 0.0147 sec.
EXPORTED {"name": "SM_WalkwayUnderTruss", "file": "SM_WalkwayUnderTruss.fbx", "vertices": 7840, "triangles": 15400, "bounds_m": {"min": [-2.0855, -1.5918, -2.2668], "max": [24.2381, 9.5734, -0.3132]}, "origin_m": [0, 0, 0], "material_slots": ["Rock", "Rust", "Concrete", "DarkSteel", "Amber", "Cloth"]}

FBX export starting... '/Users/rare/dev/ash-well/unreal/AshWell/SourceAssets/Geometry/SM_MinePipesAndCables.fbx'
export finished in 0.0385 sec.
EXPORTED {"name": "SM_MinePipesAndCables", "file": "SM_MinePipesAndCables.fbx", "vertices": 18220, "triangles": 35504, "bounds_m": {"min": [-6.0, -2.8795, -3.005], "max": [4.8, 2.855, 5.1135]}, "origin_m": [0, 0, 0], "material_slots": ["Rock", "Rust", "Concrete", "DarkSteel", "Amber", "Cloth"]}

FBX export starting... '/Users/rare/dev/ash-well/unreal/AshWell/SourceAssets/Geometry/SM_ColossalPierCore.fbx'
export finished in 0.0062 sec.
EXPORTED {"name": "SM_ColossalPierCore", "file": "SM_ColossalPierCore.fbx", "vertices": 1800, "triangles": 3540, "bounds_m": {"min": [43.0, 15.0, -72.42], "max": [57.0, 29.0, 114.0]}, "origin_m": [0, 0, 0], "material_slots": ["Rock", "Rust", "Concrete", "DarkSteel", "Amber", "Cloth"]}

FBX export starting... '/Users/rare/dev/ash-well/unreal/AshWell/SourceAssets/Geometry/SM_ColossalPierRibs.fbx'
export finished in 0.0130 sec.
EXPORTED {"name": "SM_ColossalPierRibs", "file": "SM_ColossalPierRibs.fbx", "vertices": 6048, "triangles": 11664, "bounds_m": {"min": [43.55, 15.55, -66.5], "max": [56.45, 28.45, 88.5]}, "origin_m": [0, 0, 0], "material_slots": ["Rock", "Rust", "Concrete", "DarkSteel", "Amber", "Cloth"]}

FBX export starting... '/Users/rare/dev/ash-well/unreal/AshWell/SourceAssets/Geometry/SM_CivicHallMass.fbx'
export finished in 0.0099 sec.
EXPORTED {"name": "SM_CivicHallMass", "file": "SM_CivicHallMass.fbx", "vertices": 3192, "triangles": 6156, "bounds_m": {"min": [87.9, -25.85, -75.5], "max": [124.0, 66.85, 101.2]}, "origin_m": [0, 0, 0], "material_slots": ["Rock", "Rust", "Concrete", "DarkSteel", "Amber", "Cloth"]}

FBX export starting... '/Users/rare/dev/ash-well/unreal/AshWell/SourceAssets/Geometry/SM_CivicHallArcades.fbx'
export finished in 0.0998 sec.
EXPORTED {"name": "SM_CivicHallArcades", "file": "SM_CivicHallArcades.fbx", "vertices": 56000, "triangles": 108000, "bounds_m": {"min": [90.475, -22.1474, -41.0], "max": [92.8, 63.6469, 87.146]}, "origin_m": [0, 0, 0], "material_slots": ["Rock", "Rust", "Concrete", "DarkSteel", "Amber", "Cloth"]}

FBX export starting... '/Users/rare/dev/ash-well/unreal/AshWell/SourceAssets/Geometry/SM_CivicHallSmallDetails.fbx'
export finished in 0.0742 sec.
EXPORTED {"name": "SM_CivicHallSmallDetails", "file": "SM_CivicHallSmallDetails.fbx", "vertices": 43552, "triangles": 84708, "bounds_m": {"min": [89.45, -22.026, -58.0], "max": [95.455, 62.0, 90.025]}, "origin_m": [0, 0, 0], "material_slots": ["Rock", "Rust", "Concrete", "DarkSteel", "Amber", "Cloth"]}

FBX export starting... '/Users/rare/dev/ash-well/unreal/AshWell/SourceAssets/Geometry/SM_DistantAccessBridges.fbx'
export finished in 0.0427 sec.
EXPORTED {"name": "SM_DistantAccessBridges", "file": "SM_DistantAccessBridges.fbx", "vertices": 25760, "triangles": 50592, "bounds_m": {"min": [23.4696, -6.8292, -51.9076], "max": [95.0626, 32.8336, 29.0526]}, "origin_m": [0, 0, 0], "material_slots": ["Rock", "Rust", "Concrete", "DarkSteel", "Amber", "Cloth"]}

FBX export starting... '/Users/rare/dev/ash-well/unreal/AshWell/SourceAssets/Geometry/SM_FarCavern_Left.fbx'
export finished in 0.0109 sec.
EXPORTED {"name": "SM_FarCavern_Left", "file": "SM_FarCavern_Left.fbx", "vertices": 2916, "triangles": 5760, "bounds_m": {"min": [138.9922, -125.6437, -126.8292], "max": [172.4157, -14.16, 176.759]}, "origin_m": [0, 0, 0], "material_slots": ["Rock", "Rust", "Concrete", "DarkSteel", "Amber", "Cloth"]}

FBX export starting... '/Users/rare/dev/ash-well/unreal/AshWell/SourceAssets/Geometry/SM_FarCavern_Center.fbx'
export finished in 0.0131 sec.
EXPORTED {"name": "SM_FarCavern_Center", "file": "SM_FarCavern_Center.fbx", "vertices": 2916, "triangles": 5760, "bounds_m": {"min": [139.3691, -46.0723, -127.1016], "max": [171.3006, 65.8399, 177.9324]}, "origin_m": [0, 0, 0], "material_slots": ["Rock", "Rust", "Concrete", "DarkSteel", "Amber", "Cloth"]}

FBX export starting... '/Users/rare/dev/ash-well/unreal/AshWell/SourceAssets/Geometry/SM_FarCavern_Right.fbx'
export finished in 0.0098 sec.
EXPORTED {"name": "SM_FarCavern_Right", "file": "SM_FarCavern_Right.fbx", "vertices": 2916, "triangles": 5760, "bounds_m": {"min": [139.8816, 33.1194, -124.7103], "max": [172.5194, 146.3923, 178.6938]}, "origin_m": [0, 0, 0], "material_slots": ["Rock", "Rust", "Concrete", "DarkSteel", "Amber", "Cloth"]}

FBX export starting... '/Users/rare/dev/ash-well/unreal/AshWell/SourceAssets/Geometry/SM_CavernCeiling.fbx'
export finished in 0.0089 sec.
EXPORTED {"name": "SM_CavernCeiling", "file": "SM_CavernCeiling.fbx", "vertices": 2592, "triangles": 5120, "bounds_m": {"min": [-9.4957, -82.4884, 102.8176], "max": [180.8245, 136.309, 146.3203]}, "origin_m": [0, 0, 0], "material_slots": ["Rock", "Rust", "Concrete", "DarkSteel", "Amber", "Cloth"]}

FBX export starting... '/Users/rare/dev/ash-well/unreal/AshWell/SourceAssets/Geometry/SM_SideCliffLower.fbx'
export finished in 0.0074 sec.
EXPORTED {"name": "SM_SideCliffLower", "file": "SM_SideCliffLower.fbx", "vertices": 1458, "triangles": 2880, "bounds_m": {"min": [-11.4241, -22.8234, -97.5387], "max": [61.1888, -2.9328, 10.8196]}, "origin_m": [0, 0, 0], "material_slots": ["Rock", "Rust", "Concrete", "DarkSteel", "Amber", "Cloth"]}
信息: 已另存为 "AshWell_Environment_Source.blend"
DONE triangles= 522936 chunks= 20
Blender 5.2.0 LTS (hash fbe6228777e7 built 2026-07-14 01:31:22)

Blender quit
