NATIVE_WINDOW_FRAME (68.0, 76.0, 1920.0, 1112.0) display_frames=["(0.0, 0.0, 2056.0, 1329.0) size=2056x1329"]
NATIVE_RECORDING_WINDOW pid=60231 pixels=1920x1112 microphone=false
NATIVE_SAMPLE type=0 valid=true ready=true attachments=Optional(<__NSSingleObjectArrayI 0x75398053f0>(
{
    SCStreamMetricCaptureLatencyTime = "180219.712321875";
    SCStreamUpdateFrameBoundingRect =     {
        Height = 556;
        Width = 960;
        X = 0;
        Y = 0;
    };
    SCStreamUpdateFrameContentRect =     {
        Height = 556;
        Width = 960;
        X = 0;
        Y = 0;
    };
    SCStreamUpdateFrameContentScale = "0.5";
    SCStreamUpdateFrameDirtyRect =     (
                {
            Height = 0;
            Width = 0;
            X = 0;
            Y = 0;
        }
    );
    SCStreamUpdateFrameDisplayResolution = 2;
    SCStreamUpdateFrameDisplayTime = 4325273148345;
    SCStreamUpdateFramePresenterOverlayContentRect =     {
        Height = 0;
        Width = 0;
        X = inf;
        Y = inf;
    };
    SCStreamUpdateFrameScreenRect =     {
        Height = 1112;
        Width = 1920;
        X = 68;
        Y = 76;
    };
    SCStreamUpdateFrameStatus = 0;
    SCStreamUpdateStreamID = "6DD90D5E-4BDA-4007-BF95-107DF4C5F60F";
}
)
)
NATIVE_RECORDING_STARTED 2026-09-12T14:01:39.184Z
NATIVE_SAMPLE type=0 valid=true ready=true attachments=Optional(<__NSSingleObjectArrayI 0x7539805560>(
{
    SCStreamMetricCaptureLatencyTime = "180219.7338659166";
    SCStreamUpdateFrameBoundingRect =     {
        Height = 556;
        Width = 960;
        X = 0;
        Y = 0;
    };
    SCStreamUpdateFrameContentRect =     {
        Height = 556;
        Width = 960;
        X = 0;
        Y = 0;
    };
    SCStreamUpdateFrameContentScale = "0.5";
    SCStreamUpdateFrameDirtyRect =     (
                {
            Height = 5;
            Width = 25;
            X = 0;
            Y = 0;
        },
                {
            Height = 5;
            Width = 25;
            X = 1895;
            Y = 0;
        },
                {
            Height = 20;
            Width = 27;
            X = 0;
            Y = 5;
        },
                {
            Height = 20;
            Width = 22;
            X = 28;
            Y = 5;
        },
                {
            Height = 20;
            Width = 22;
            X = 51;
            Y = 5;
        },
                {
            Height = 20;
            Width = 25;
            X = 1895;
            Y = 5;
        },
                {
            Height = 2;
            Width = 22;
            X = 5;
            Y = 25;
        },
                {
            Height = 2;
            Width = 22;
            X = 28;
            Y = 25;
        },
                {
            Height = 2;
            Width = 22;
            X = 51;
            Y = 25;
        },
                {
            Height = 208;
            Width = 196;
            X = 752;
            Y = 633;
        },
                {
            Height = 25;
            Width = 25;
            X = 0;
            Y = 1087;
        },
                {
            Height = 25;
            Width = 25;
            X = 1895;
            Y = 1087;
        }
    );
    SCStreamUpdateFrameDisplayResolution = 2;
    SCStreamUpdateFrameDisplayTime = 4325273548345;
    SCStreamUpdateFramePresenterOverlayContentRect =     {
        Height = 0;
        Width = 0;
        X = inf;
        Y = inf;
    };
    SCStreamUpdateFrameScreenRect =     {
        Height = 1112;
        Width = 1920;
        X = 68;
        Y = 76;
    };
    SCStreamUpdateFrameStatus = 0;
    SCStreamUpdateStreamID = "6DD90D5E-4BDA-4007-BF95-107DF4C5F60F";
}
)
)
NATIVE_SAMPLE type=1 valid=true ready=true attachments=nil
NATIVE_SAMPLE type=0 valid=true ready=true attachments=Optional(<__NSSingleObjectArrayI 0x75398055d0>(
{
    SCStreamMetricCaptureLatencyTime = "180219.7509232083";
    SCStreamUpdateFrameBoundingRect =     {
        Height = 556;
        Width = 960;
        X = 0;
        Y = 0;
    };
    SCStreamUpdateFrameContentRect =     {
        Height = 556;
        Width = 960;
        X = 0;
        Y = 0;
    };
    SCStreamUpdateFrameContentScale = "0.5";
    SCStreamUpdateFrameDirtyRect =     (
                {
            Height = 5;
            Width = 25;
            X = 0;
            Y = 0;
        },
                {
            Height = 5;
            Width = 25;
            X = 1895;
            Y = 0;
        },
                {
            Height = 20;
            Width = 27;
            X = 0;
            Y = 5;
        },
                {
            Height = 20;
            Width = 22;
            X = 28;
            Y = 5;
        },
                {
            Height = 20;
            Width = 22;
            X = 51;
            Y = 5;
        },
                {
            Height = 20;
            Width = 25;
            X = 1895;
            Y = 5;
        },
                {
            Height = 2;
            Width = 22;
            X = 5;
            Y = 25;
        },
                {
            Height = 2;
            Width = 22;
            X = 28;
            Y = 25;
        },
                {
            Height = 2;
            Width = 22;
            X = 51;
            Y = 25;
        },
                {
            Height = 25;
            Width = 25;
            X = 0;
            Y = 1087;
        },
                {
            Height = 25;
            Width = 25;
            X = 1895;
            Y = 1087;
        }
    );
    SCStreamUpdateFrameDisplayResolution = 2;
    SCStreamUpdateFrameDisplayTime = 4325274148341;
    SCStreamUpdateFramePresenterOverlayContentRect =     {
        Height = 0;
        Width = 0;
        X = inf;
        Y = inf;
    };
    SCStreamUpdateFrameScreenRect =     {
        Height = 1112;
        Width = 1920;
        X = 68;
        Y = 76;
    };
    SCStreamUpdateFrameStatus = 0;
    SCStreamUpdateStreamID = "6DD90D5E-4BDA-4007-BF95-107DF4C5F60F";
}
)
)
NATIVE_SAMPLE type=1 valid=true ready=true attachments=nil
NATIVE_SAMPLE type=0 valid=true ready=true attachments=Optional(<__NSSingleObjectArrayI 0x75398055f0>(
{
    SCStreamMetricCaptureLatencyTime = "180219.769058125";
    SCStreamUpdateFrameBoundingRect =     {
        Height = 556;
        Width = 960;
        X = 0;
        Y = 0;
    };
    SCStreamUpdateFrameContentRect =     {
        Height = 556;
        Width = 960;
        X = 0;
        Y = 0;
    };
    SCStreamUpdateFrameContentScale = "0.5";
    SCStreamUpdateFrameDirtyRect =     (
                {
            Height = 5;
            Width = 25;
            X = 0;
            Y = 0;
        },
                {
            Height = 5;
            Width = 25;
            X = 1895;
            Y = 0;
        },
                {
            Height = 20;
            Width = 27;
            X = 0;
            Y = 5;
        },
                {
            Height = 20;
            Width = 22;
            X = 28;
            Y = 5;
        },
                {
            Height = 20;
            Width = 22;
            X = 51;
            Y = 5;
        },
                {
            Height = 20;
            Width = 25;
            X = 1895;
            Y = 5;
        },
                {
            Height = 2;
            Width = 22;
            X = 5;
            Y = 25;
        },
                {
            Height = 2;
            Width = 22;
            X = 28;
            Y = 25;
        },
                {
            Height = 2;
            Width = 22;
            X = 51;
            Y = 25;
        },
                {
            Height = 25;
            Width = 25;
            X = 0;
            Y = 1087;
        },
                {
            Height = 25;
            Width = 25;
            X = 1895;
            Y = 1087;
        }
    );
    SCStreamUpdateFrameDisplayResolution = 2;
    SCStreamUpdateFrameDisplayTime = 4325274548340;
    SCStreamUpdateFramePresenterOverlayContentRect =     {
        Height = 0;
        Width = 0;
        X = inf;
        Y = inf;
    };
    SCStreamUpdateFrameScreenRect =     {
        Height = 1112;
        Width = 1920;
        X = 68;
        Y = 76;
    };
    SCStreamUpdateFrameStatus = 0;
    SCStreamUpdateStreamID = "6DD90D5E-4BDA-4007-BF95-107DF4C5F60F";
}
)
)
NATIVE_SAMPLE type=1 valid=true ready=true attachments=nil
NATIVE_SAMPLE type=0 valid=true ready=true attachments=Optional(<__NSSingleObjectArrayI 0x7539805580>(
{
    SCStreamMetricCaptureLatencyTime = "180219.7874564583";
    SCStreamUpdateFrameBoundingRect =     {
        Height = 556;
        Width = 960;
        X = 0;
        Y = 0;
    };
    SCStreamUpdateFrameContentRect =     {
        Height = 556;
        Width = 960;
        X = 0;
        Y = 0;
    };
    SCStreamUpdateFrameContentScale = "0.5";
    SCStreamUpdateFrameDirtyRect =     (
                {
            Height = 5;
            Width = 25;
            X = 0;
            Y = 0;
        },
                {
            Height = 5;
            Width = 25;
            X = 1895;
            Y = 0;
        },
                {
            Height = 20;
            Width = 27;
            X = 0;
            Y = 5;
        },
                {
            Height = 20;
            Width = 22;
            X = 28;
            Y = 5;
        },
                {
            Height = 20;
            Width = 22;
            X = 51;
            Y = 5;
        },
                {
            Height = 20;
            Width = 25;
            X = 1895;
            Y = 5;
        },
                {
            Height = 2;
            Width = 22;
            X = 5;
            Y = 25;
        },
                {
            Height = 2;
            Width = 22;
            X = 28;
            Y = 25;
        },
                {
            Height = 2;
            Width = 22;
            X = 51;
            Y = 25;
        },
                {
            Height = 25;
            Width = 25;
            X = 0;
            Y = 1087;
        },
                {
            Height = 25;
            Width = 25;
            X = 1895;
            Y = 1087;
        }
    );
    SCStreamUpdateFrameDisplayResolution = 2;
    SCStreamUpdateFrameDisplayTime = 4325274948337;
    SCStreamUpdateFramePresenterOverlayContentRect =     {
        Height = 0;
        Width = 0;
        X = inf;
        Y = inf;
    };
    SCStreamUpdateFrameScreenRect =     {
        Height = 1112;
        Width = 1920;
        X = 68;
        Y = 76;
    };
    SCStreamUpdateFrameStatus = 0;
    SCStreamUpdateStreamID = "6DD90D5E-4BDA-4007-BF95-107DF4C5F60F";
}
)
)
NATIVE_RECORDING_FINISHED frames=1684 audio=1502
